
> apostar-commercial-landing@0.1.0 build
> astro build

[2m08:52:53[22m [34m[content][39m Syncing content
[2m08:52:53[22m [34m[content][39m Synced content
[2m08:52:53[22m [34m[types][39m Generated [2m116ms[22m
[2m08:52:53[22m [34m[build][39m output: [34m"static"[39m
[2m08:52:53[22m [34m[build][39m mode: [34m"static"[39m
[2m08:52:53[22m [34m[build][39m directory: [34mC:\Users\practicante6.analiti\Downloads\apostar-commercial-landing\dist\[39m
[2m08:52:53[22m [34m[build][39m Collecting build info...
[2m08:52:53[22m [34m[build][39m [32mÔ£ô Completed in 297ms.[39m
[2m08:52:53[22m [34m[build][39m Building static entrypoints...
npm : [31m[1m08:52:5
7[22m [ERROR] 
[vite][39m 
[31mÔ£ù[39m Build 
failed in 4.09s
En línea: 1 Carácter: 
1
+ npm run build > 
build_error.log 2>&1
+ ~~~~~~~~~~~~~~~~~~~~
~~~~~~~~~~~~~~~~
    + CategoryInfo    
          : NotSpeci  
  fied: ([31m[1m0   
 8:52:...failed in    
 4.09s:String) []    
, RemoteException
    + FullyQualifiedE 
   rrorId : NativeCo  
  mmandError
 
[vite]: Rollup failed 
to resolve import "@ra
dix-ui/react-slot" 
from "C:/Users/practic
ante6.analiti/Download
s/apostar-commercial-l
anding/src/components/
ui/badge.tsx".
This is most likely 
unintended because it 
can break your 
application at 
runtime.
If you do want to 
externalize this 
module explicitly add 
it to
`build.rollupOptions.e
xternal`
  [1mStack 
trace:[22m
[2m    at viteLog (fi
le:///C:/Users/practic
ante6.analiti/Download
s/apostar-commercial-l
anding/node_modules/vi
te/dist/node/chunks/de
p-D4NMHUTW.js:46374:15
)
    at onwarn (file://
/C:/Users/practicante6
.analiti/Downloads/apo
star-commercial-landin
g/node_modules/@vitejs
/plugin-react/dist/ind
ex.js:90:7)
    at onRollupLog (fi
le:///C:/Users/practic
ante6.analiti/Download
s/apostar-commercial-l
anding/node_modules/vi
te/dist/node/chunks/de
p-D4NMHUTW.js:46422:5)
    at file:///C:/User
s/practicante6.analiti
/Downloads/apostar-com
mercial-landing/node_m
odules/rollup/dist/es/
shared/node-entry.js:2
0961:32
    at ModuleLoader.ha
ndleInvalidResolvedId 
(file:///C:/Users/prac
ticante6.analiti/Downl
oads/apostar-commercia
l-landing/node_modules
/rollup/dist/es/shared
/node-entry.js:21592:2
6)[22m
